Archive member included to satisfy reference by file (symbol)

C:/PROGRA~2/ARMGNU~1/14EFD8~1.2RE/bin/../lib/gcc/arm-none-eabi/14.2.1/thumb/v7e-m+fp/hard\libgcc.a(_aeabi_uldivmod.o)
                              CMakeFiles/Firmware1.elf.dir/Drivers/STM32F4xx_HAL_Driver/Src/stm32f4xx_hal_rcc.c.obj (__aeabi_uldivmod)
C:/PROGRA~2/ARMGNU~1/14EFD8~1.2RE/bin/../lib/gcc/arm-none-eabi/14.2.1/thumb/v7e-m+fp/hard\libgcc.a(_udivmoddi4.o)
                              C:/PROGRA~2/ARMGNU~1/14EFD8~1.2RE/bin/../lib/gcc/arm-none-eabi/14.2.1/thumb/v7e-m+fp/hard\libgcc.a(_aeabi_uldivmod.o) (__udivmoddi4)
C:/PROGRA~2/ARMGNU~1/14EFD8~1.2RE/bin/../lib/gcc/arm-none-eabi/14.2.1/thumb/v7e-m+fp/hard\libgcc.a(_dvmd_tls.o)
                              C:/PROGRA~2/ARMGNU~1/14EFD8~1.2RE/bin/../lib/gcc/arm-none-eabi/14.2.1/thumb/v7e-m+fp/hard\libgcc.a(_aeabi_uldivmod.o) (__aeabi_ldiv0)
C:/PROGRA~2/ARMGNU~1/14EFD8~1.2RE/bin/../lib/gcc/arm-none-eabi/14.2.1/thumb/v7e-m+fp/hard\libc_nano.a(libc_a-exit.o)
                              C:/PROGRA~2/ARMGNU~1/14EFD8~1.2RE/bin/../lib/gcc/arm-none-eabi/14.2.1/thumb/v7e-m+fp/hard/crt0.o (exit)
C:/PROGRA~2/ARMGNU~1/14EFD8~1.2RE/bin/../lib/gcc/arm-none-eabi/14.2.1/thumb/v7e-m+fp/hard\libc_nano.a(libc_a-findfp.o)
                              C:/PROGRA~2/ARMGNU~1/14EFD8~1.2RE/bin/../lib/gcc/arm-none-eabi/14.2.1/thumb/v7e-m+fp/hard\libc_nano.a(libc_a-exit.o) (__stdio_exit_handler)
C:/PROGRA~2/ARMGNU~1/14EFD8~1.2RE/bin/../lib/gcc/arm-none-eabi/14.2.1/thumb/v7e-m+fp/hard\libc_nano.a(libc_a-fwalk.o)
                              C:/PROGRA~2/ARMGNU~1/14EFD8~1.2RE/bin/../lib/gcc/arm-none-eabi/14.2.1/thumb/v7e-m+fp/hard\libc_nano.a(libc_a-findfp.o) (_fwalk_sglue)
C:/PROGRA~2/ARMGNU~1/14EFD8~1.2RE/bin/../lib/gcc/arm-none-eabi/14.2.1/thumb/v7e-m+fp/hard\libc_nano.a(libc_a-stdio.o)
                              C:/PROGRA~2/ARMGNU~1/14EFD8~1.2RE/bin/../lib/gcc/arm-none-eabi/14.2.1/thumb/v7e-m+fp/hard\libc_nano.a(libc_a-findfp.o) (__sread)
C:/PROGRA~2/ARMGNU~1/14EFD8~1.2RE/bin/../lib/gcc/arm-none-eabi/14.2.1/thumb/v7e-m+fp/hard\libc_nano.a(libc_a-memset.o)
                              C:/PROGRA~2/ARMGNU~1/14EFD8~1.2RE/bin/../lib/gcc/arm-none-eabi/14.2.1/thumb/v7e-m+fp/hard/crt0.o (memset)
C:/PROGRA~2/ARMGNU~1/14EFD8~1.2RE/bin/../lib/gcc/arm-none-eabi/14.2.1/thumb/v7e-m+fp/hard\libc_nano.a(libc_a-closer.o)
                              C:/PROGRA~2/ARMGNU~1/14EFD8~1.2RE/bin/../lib/gcc/arm-none-eabi/14.2.1/thumb/v7e-m+fp/hard\libc_nano.a(libc_a-stdio.o) (_close_r)
C:/PROGRA~2/ARMGNU~1/14EFD8~1.2RE/bin/../lib/gcc/arm-none-eabi/14.2.1/thumb/v7e-m+fp/hard\libc_nano.a(libc_a-reent.o)
                              C:/PROGRA~2/ARMGNU~1/14EFD8~1.2RE/bin/../lib/gcc/arm-none-eabi/14.2.1/thumb/v7e-m+fp/hard\libc_nano.a(libc_a-closer.o) (errno)
C:/PROGRA~2/ARMGNU~1/14EFD8~1.2RE/bin/../lib/gcc/arm-none-eabi/14.2.1/thumb/v7e-m+fp/hard\libc_nano.a(libc_a-impure.o)
                              C:/PROGRA~2/ARMGNU~1/14EFD8~1.2RE/bin/../lib/gcc/arm-none-eabi/14.2.1/thumb/v7e-m+fp/hard\libc_nano.a(libc_a-reent.o) (_impure_ptr)
C:/PROGRA~2/ARMGNU~1/14EFD8~1.2RE/bin/../lib/gcc/arm-none-eabi/14.2.1/thumb/v7e-m+fp/hard\libc_nano.a(libc_a-lseekr.o)
                              C:/PROGRA~2/ARMGNU~1/14EFD8~1.2RE/bin/../lib/gcc/arm-none-eabi/14.2.1/thumb/v7e-m+fp/hard\libc_nano.a(libc_a-stdio.o) (_lseek_r)
C:/PROGRA~2/ARMGNU~1/14EFD8~1.2RE/bin/../lib/gcc/arm-none-eabi/14.2.1/thumb/v7e-m+fp/hard\libc_nano.a(libc_a-readr.o)
                              C:/PROGRA~2/ARMGNU~1/14EFD8~1.2RE/bin/../lib/gcc/arm-none-eabi/14.2.1/thumb/v7e-m+fp/hard\libc_nano.a(libc_a-stdio.o) (_read_r)
C:/PROGRA~2/ARMGNU~1/14EFD8~1.2RE/bin/../lib/gcc/arm-none-eabi/14.2.1/thumb/v7e-m+fp/hard\libc_nano.a(libc_a-writer.o)
                              C:/PROGRA~2/ARMGNU~1/14EFD8~1.2RE/bin/../lib/gcc/arm-none-eabi/14.2.1/thumb/v7e-m+fp/hard\libc_nano.a(libc_a-stdio.o) (_write_r)
C:/PROGRA~2/ARMGNU~1/14EFD8~1.2RE/bin/../lib/gcc/arm-none-eabi/14.2.1/thumb/v7e-m+fp/hard\libc_nano.a(libc_a-errno.o)
                              CMakeFiles/Firmware1.elf.dir/Core/Src/syscalls.c.obj (__errno)
C:/PROGRA~2/ARMGNU~1/14EFD8~1.2RE/bin/../lib/gcc/arm-none-eabi/14.2.1/thumb/v7e-m+fp/hard\libc_nano.a(libc_a-init.o)
                              C:/PROGRA~2/ARMGNU~1/14EFD8~1.2RE/bin/../lib/gcc/arm-none-eabi/14.2.1/thumb/v7e-m+fp/hard/crt0.o (__libc_init_array)
C:/PROGRA~2/ARMGNU~1/14EFD8~1.2RE/bin/../lib/gcc/arm-none-eabi/14.2.1/thumb/v7e-m+fp/hard\libc_nano.a(libc_a-lock.o)
                              C:/PROGRA~2/ARMGNU~1/14EFD8~1.2RE/bin/../lib/gcc/arm-none-eabi/14.2.1/thumb/v7e-m+fp/hard\libc_nano.a(libc_a-findfp.o) (__retarget_lock_init_recursive)
C:/PROGRA~2/ARMGNU~1/14EFD8~1.2RE/bin/../lib/gcc/arm-none-eabi/14.2.1/thumb/v7e-m+fp/hard\libc_nano.a(libc_a-freer.o)
                              C:/PROGRA~2/ARMGNU~1/14EFD8~1.2RE/bin/../lib/gcc/arm-none-eabi/14.2.1/thumb/v7e-m+fp/hard\libc_nano.a(libc_a-reent.o) (_free_r)
[...]
Memory Configuration

Name             Origin             Length             Attributes
FLASH            0x08000000         0x00100000         xr
RAM              0x20000000         0x00020000         xrw
*default*        0x00000000         0xffffffff

Linker script and memory map

LOAD C:/PROGRA~2/ARMGNU~1/14EFD8~1.2RE/bin/../lib/gcc/arm-none-eabi/14.2.1/thumb/v7e-m+fp/hard/crti.o
LOAD C:/PROGRA~2/ARMGNU~1/14EFD8~1.2RE/bin/../lib/gcc/arm-none-eabi/14.2.1/thumb/v7e-m+fp/hard/crtbegin.o
LOAD C:/PROGRA~2/ARMGNU~1/14EFD8~1.2RE/bin/../lib/gcc/arm-none-eabi/14.2.1/thumb/v7e-m+fp/hard/crt0.o
LOAD CMakeFiles/Firmware1.elf.dir/startup_stm32f407xx.s.obj
LOAD CMakeFiles/Firmware1.elf.dir/Core/Src/main.c.obj
LOAD CMakeFiles/Firmware1.elf.dir/Core/Src/stm32f4xx_hal_msp.c.obj
LOAD CMakeFiles/Firmware1.elf.dir/Core/Src/stm32f4xx_it.c.obj
LOAD CMakeFiles/Firmware1.elf.dir/Core/Src/syscalls.c.obj
LOAD CMakeFiles/Firmware1.elf.dir/Core/Src/system_stm32f4xx.c.obj
LOAD CMakeFiles/Firmware1.elf.dir/Drivers/STM32F4xx_HAL_Driver/Src/stm32f4xx_hal.c.obj
LOAD CMakeFiles/Firmware1.elf.dir/Drivers/STM32F4xx_HAL_Driver/Src/stm32f4xx_hal_cortex.c.obj
LOAD CMakeFiles/Firmware1.elf.dir/Drivers/STM32F4xx_HAL_Driver/Src/stm32f4xx_hal_dma.c.obj
LOAD CMakeFiles/Firmware1.elf.dir/Drivers/STM32F4xx_HAL_Driver/Src/stm32f4xx_hal_dma_ex.c.obj
LOAD CMakeFiles/Firmware1.elf.dir/Drivers/STM32F4xx_HAL_Driver/Src/stm32f4xx_hal_exti.c.obj
LOAD CMakeFiles/Firmware1.elf.dir/Drivers/STM32F4xx_HAL_Driver/Src/stm32f4xx_hal_flash.c.obj
LOAD CMakeFiles/Firmware1.elf.dir/Drivers/STM32F4xx_HAL_Driver/Src/stm32f4xx_hal_flash_ex.c.obj
LOAD CMakeFiles/Firmware1.elf.dir/Drivers/STM32F4xx_HAL_Driver/Src/stm32f4xx_hal_flash_ramfunc.c.obj
LOAD CMakeFiles/Firmware1.elf.dir/Drivers/STM32F4xx_HAL_Driver/Src/stm32f4xx_hal_gpio.c.obj
LOAD CMakeFiles/Firmware1.elf.dir/Drivers/STM32F4xx_HAL_Driver/Src/stm32f4xx_hal_pwr.c.obj
LOAD CMakeFiles/Firmware1.elf.dir/Drivers/STM32F4xx_HAL_Driver/Src/stm32f4xx_hal_pwr_ex.c.obj
LOAD CMakeFiles/Firmware1.elf.dir/Drivers/STM32F4xx_HAL_Driver/Src/stm32f4xx_hal_rcc.c.obj
LOAD CMakeFiles/Firmware1.elf.dir/Drivers/STM32F4xx_HAL_Driver/Src/stm32f4xx_hal_rcc_ex.c.obj
LOAD CMakeFiles/Firmware1.elf.dir/Drivers/STM32F4xx_HAL_Driver/Src/stm32f4xx_hal_spi.c.obj
LOAD CMakeFiles/Firmware1.elf.dir/Drivers/STM32F4xx_HAL_Driver/Src/stm32f4xx_hal_uart.c.obj
START GROUP
LOAD C:/PROGRA~2/ARMGNU~1/14EFD8~1.2RE/bin/../lib/gcc/arm-none-eabi/14.2.1/thumb/v7e-m+fp/hard\libgcc.a
LOAD C:/PROGRA~2/ARMGNU~1/14EFD8~1.2RE/bin/../lib/gcc/arm-none-eabi/14.2.1/thumb/v7e-m+fp/hard\libc_nano.a
END GROUP
START GROUP
LOAD C:/PROGRA~2/ARMGNU~1/14EFD8~1.2RE/bin/../lib/gcc/arm-none-eabi/14.2.1/thumb/v7e-m+fp/hard\libgcc.a
LOAD C:/PROGRA~2/ARMGNU~1/14EFD8~1.2RE/bin/../lib/gcc/arm-none-eabi/14.2.1/thumb/v7e-m+fp/hard\libc_nano.a
LOAD C:/PROGRA~2/ARMGNU~1/14EFD8~1.2RE/bin/../lib/gcc/arm-none-eabi/14.2.1/thumb/v7e-m+fp/hard\libnosys.a
END GROUP
START GROUP
LOAD C:/PROGRA~2/ARMGNU~1/14EFD8~1.2RE/bin/../lib/gcc/arm-none-eabi/14.2.1/thumb/v7e-m+fp/hard\libgcc.a
LOAD C:/PROGRA~2/ARMGNU~1/14EFD8~1.2RE/bin/../lib/gcc/arm-none-eabi/14.2.1/thumb/v7e-m+fp/hard\libc_nano.a
LOAD C:/PROGRA~2/ARMGNU~1/14EFD8~1.2RE/bin/../lib/gcc/arm-none-eabi/14.2.1/thumb/v7e-m+fp/hard\libnosys.a
END GROUP
LOAD C:/PROGRA~2/ARMGNU~1/14EFD8~1.2RE/bin/../lib/gcc/arm-none-eabi/14.2.1/thumb/v7e-m+fp/hard/crtend.o
LOAD C:/PROGRA~2/ARMGNU~1/14EFD8~1.2RE/bin/../lib/gcc/arm-none-eabi/14.2.1/thumb/v7e-m+fp/hard/crtn.o
                0x20020000                        _estack = (ORIGIN (RAM) + LENGTH (RAM))
                0x00000200                        _Min_Heap_Size = 0x200
                0x00000400                        _Min_Stack_Size = 0x400

.isr_vector     0x08000000      0x188
                0x08000000                        . = ALIGN (0x4)
 *(.isr_vector)
 .isr_vector    0x08000000      0x188 CMakeFiles/Firmware1.elf.dir/startup_stm32f407xx.s.obj
                0x08000000                g_pfnVectors
                0x08000188                        . = ALIGN (0x4)

.text           0x08000188     0x143c
                0x08000188                        . = ALIGN (0x4)
 *(.text)
 .text          0x08000188       0x30 C:/PROGRA~2/ARMGNU~1/14EFD8~1.2RE/bin/../lib/gcc/arm-none-eabi/14.2.1/thumb/v7e-m+fp/hard\libgcc.a(_aeabi_uldivmod.o)
                0x08000188                __aeabi_uldivmod
 .text          0x080001b8        0x4 C:/PROGRA~2/ARMGNU~1/14EFD8~1.2RE/bin/../lib/gcc/arm-none-eabi/14.2.1/thumb/v7e-m+fp/hard\libgcc.a(_dvmd_tls.o)
                0x080001b8                __aeabi_idiv0
                0x080001b8                __aeabi_ldiv0
 *(.text*)
 .text.Reset_Handler
                0x080001bc       0x50 CMakeFiles/Firmware1.elf.dir/startup_stm32f407xx.s.obj
                0x080001bc                Reset_Handler
 .text.Default_Handler
                0x0800020c        0x2 CMakeFiles/Firmware1.elf.dir/startup_stm32f407xx.s.obj
                0x0800020c                RTC_Alarm_IRQHandler
                0x0800020c                HASH_RNG_IRQHandler
                0x0800020c                EXTI2_IRQHandler
                0x0800020c                TIM8_CC_IRQHandler
                0x0800020c                TIM1_CC_IRQHandler
                0x0800020c                DMA2_Stream5_IRQHandler
                0x0800020c                DMA1_Stream5_IRQHandler
                0x0800020c                PVD_IRQHandler
                0x0800020c                SDIO_IRQHandler
                0x0800020c                TAMP_STAMP_IRQHandler
                0x0800020c                CAN2_RX1_IRQHandler
                0x0800020c                EXTI3_IRQHandler
                0x0800020c                TIM8_TRG_COM_TIM14_IRQHandler
                0x0800020c                TIM1_UP_TIM10_IRQHandler
                0x0800020c                TIM8_UP_TIM13_IRQHandler
                0x0800020c                I2C3_ER_IRQHandler
                0x0800020c                EXTI0_IRQHandler
                0x0800020c                I2C2_EV_IRQHandler
                0x0800020c                DMA1_Stream2_IRQHandler
                0x0800020c                CAN1_RX0_IRQHandler
                0x0800020c                FPU_IRQHandler
                0x0800020c                OTG_HS_WKUP_IRQHandler
                0x0800020c                CAN2_SCE_IRQHandler
                0x0800020c                DMA2_Stream2_IRQHandler
                0x0800020c                SPI1_IRQHandler
                0x0800020c                TIM6_DAC_IRQHandler
                0x0800020c                TIM1_BRK_TIM9_IRQHandler
                0x0800020c                DCMI_IRQHandler
                0x0800020c                CAN2_RX0_IRQHandler
                0x0800020c                DMA2_Stream3_IRQHandler
                0x0800020c                USART6_IRQHandler
                0x0800020c                USART3_IRQHandler
                0x0800020c                CAN1_RX1_IRQHandler
                0x0800020c                UART5_IRQHandler
                0x0800020c                DMA2_Stream0_IRQHandler
                0x0800020c                TIM4_IRQHandler
                0x0800020c                I2C1_EV_IRQHandler
                0x0800020c                DMA1_Stream6_IRQHandler
                0x0800020c                DMA1_Stream1_IRQHandler
                0x0800020c                UART4_IRQHandler
                0x0800020c                TIM3_IRQHandler
                0x0800020c                RCC_IRQHandler
                0x0800020c                TIM8_BRK_TIM12_IRQHandler
                0x0800020c                Default_Handler
                0x0800020c                EXTI15_10_IRQHandler
                0x0800020c                ADC_IRQHandler
                0x0800020c                DMA1_Stream7_IRQHandler
                0x0800020c                TIM7_IRQHandler
                0x0800020c                CAN2_TX_IRQHandler
                0x0800020c                TIM5_IRQHandler
                0x0800020c                DMA2_Stream7_IRQHandler
                0x0800020c                I2C3_EV_IRQHandler
                0x0800020c                EXTI9_5_IRQHandler
                0x0800020c                RTC_WKUP_IRQHandler
                0x0800020c                ETH_WKUP_IRQHandler
                0x0800020c                SPI2_IRQHandler
                0x0800020c                OTG_HS_EP1_IN_IRQHandler
                0x0800020c                DMA1_Stream0_IRQHandler
                0x0800020c                CAN1_TX_IRQHandler
                0x0800020c                EXTI4_IRQHandler
                0x0800020c                FSMC_IRQHandler
                0x0800020c                ETH_IRQHandler
                0x0800020c                OTG_HS_EP1_OUT_IRQHandler
                0x0800020c                WWDG_IRQHandler
                0x0800020c                TIM2_IRQHandler
                0x0800020c                OTG_FS_WKUP_IRQHandler
                0x0800020c                TIM1_TRG_COM_TIM11_IRQHandler
                0x0800020c                OTG_HS_IRQHandler
                0x0800020c                EXTI1_IRQHandler
                0x0800020c                USART2_IRQHandler
                0x0800020c                I2C2_ER_IRQHandler
                0x0800020c                DMA2_Stream1_IRQHandler
                0x0800020c                CAN1_SCE_IRQHandler
                0x0800020c                FLASH_IRQHandler
                0x0800020c                DMA2_Stream4_IRQHandler
                0x0800020c                USART1_IRQHandler
                0x0800020c                OTG_FS_IRQHandler
                0x0800020c                SPI3_IRQHandler
                0x0800020c                DMA1_Stream4_IRQHandler
                0x0800020c                I2C1_ER_IRQHandler
                0x0800020c                DMA2_Stream6_IRQHandler
                0x0800020c                DMA1_Stream3_IRQHandler
 *fill*         0x0800020e        0x2 
 .text.MX_GPIO_Init
                0x08000210      0x168 CMakeFiles/Firmware1.elf.dir/Core/Src/main.c.obj
 .text.Error_Handler
                0x08000378        0x4 CMakeFiles/Firmware1.elf.dir/Core/Src/main.c.obj
                0x08000378                Error_Handler
 .text.MX_SPI1_Init
                0x0800037c       0x40 CMakeFiles/Firmware1.elf.dir/Core/Src/main.c.obj
 .text.MX_USART1_UART_Init
                0x080003bc       0x34 CMakeFiles/Firmware1.elf.dir/Core/Src/main.c.obj
 .text.MX_USART2_UART_Init
                0x080003f0       0x34 CMakeFiles/Firmware1.elf.dir/Core/Src/main.c.obj
 .text.SystemClock_Config
                0x08000424       0xac CMakeFiles/Firmware1.elf.dir/Core/Src/main.c.obj
                0x08000424                SystemClock_Config
 .text.main     0x080004d0       0x1c CMakeFiles/Firmware1.elf.dir/Core/Src/main.c.obj
                0x080004d0                main
 .text.HAL_MspInit
                0x080004ec       0x38 CMakeFiles/Firmware1.elf.dir/Core/Src/stm32f4xx_hal_msp.c.obj
                0x080004ec                HAL_MspInit
 .text.HAL_SPI_MspInit
                0x08000524       0xa4 CMakeFiles/Firmware1.elf.dir/Core/Src/stm32f4xx_hal_msp.c.obj
                0x08000524                HAL_SPI_MspInit
 .text.HAL_UART_MspInit
                0x080005c8       0xc4 CMakeFiles/Firmware1.elf.dir/Core/Src/stm32f4xx_hal_msp.c.obj
                0x080005c8                HAL_UART_MspInit
 .text.NMI_Handler
                0x0800068c        0x2 CMakeFiles/Firmware1.elf.dir/Core/Src/stm32f4xx_it.c.obj
                0x0800068c                NMI_Handler
 .text.HardFault_Handler
                0x0800068e        0x2 CMakeFiles/Firmware1.elf.dir/Core/Src/stm32f4xx_it.c.obj
                0x0800068e                HardFault_Handler
 .text.MemManage_Handler
                0x08000690        0x2 CMakeFiles/Firmware1.elf.dir/Core/Src/stm32f4xx_it.c.obj
                0x08000690                MemManage_Handler
 .text.BusFault_Handler
                0x08000692        0x2 CMakeFiles/Firmware1.elf.dir/Core/Src/stm32f4xx_it.c.obj
                0x08000692                BusFault_Handler
 .text.UsageFault_Handler
                0x08000694        0x2 CMakeFiles/Firmware1.elf.dir/Core/Src/stm32f4xx_it.c.obj
                0x08000694                UsageFault_Handler
 .text.SVC_Handler
                0x08000696        0x2 CMakeFiles/Firmware1.elf.dir/Core/Src/stm32f4xx_it.c.obj
                0x08000696                SVC_Handler
 .text.DebugMon_Handler
                0x08000698        0x2 CMakeFiles/Firmware1.elf.dir/Core/Src/stm32f4xx_it.c.obj
                0x08000698                DebugMon_Handler
 .text.PendSV_Handler
                0x0800069a        0x2 CMakeFiles/Firmware1.elf.dir/Core/Src/stm32f4xx_it.c.obj
                0x0800069a                PendSV_Handler
 .text.SysTick_Handler
                0x0800069c        0x8 CMakeFiles/Firmware1.elf.dir/Core/Src/stm32f4xx_it.c.obj
                0x0800069c                SysTick_Handler
 .text.SystemInit
                0x080006a4       0x14 CMakeFiles/Firmware1.elf.dir/Core/Src/system_stm32f4xx.c.obj
                0x080006a4                SystemInit
 .text.HAL_InitTick
                0x080006b8       0x4c CMakeFiles/Firmware1.elf.dir/Drivers/STM32F4xx_HAL_Driver/Src/stm32f4xx_hal.c.obj
                0x080006b8                HAL_InitTick
 .text.HAL_Init
                0x08000704       0x34 CMakeFiles/Firmware1.elf.dir/Drivers/STM32F4xx_HAL_Driver/Src/stm32f4xx_hal.c.obj
                0x08000704                HAL_Init
 .text.HAL_IncTick
                0x08000738       0x18 CMakeFiles/Firmware1.elf.dir/Drivers/STM32F4xx_HAL_Driver/Src/stm32f4xx_hal.c.obj
                0x08000738                HAL_IncTick
 .text.HAL_GetTick
                0x08000750        0xc CMakeFiles/Firmware1.elf.dir/Drivers/STM32F4xx_HAL_Driver/Src/stm32f4xx_hal.c.obj
                0x08000750                HAL_GetTick
 .text.__NVIC_SetPriority
                0x0800075c       0x28 CMakeFiles/Firmware1.elf.dir/Drivers/STM32F4xx_HAL_Driver/Src/stm32f4xx_hal_cortex.c.obj
 .text.NVIC_EncodePriority
                0x08000784       0x3e CMakeFiles/Firmware1.elf.dir/Drivers/STM32F4xx_HAL_Driver/Src/stm32f4xx_hal_cortex.c.obj
 *fill*         0x080007c2        0x2 
 .text.HAL_NVIC_SetPriorityGrouping
                0x080007c4       0x24 CMakeFiles/Firmware1.elf.dir/Drivers/STM32F4xx_HAL_Driver/Src/stm32f4xx_hal_cortex.c.obj
                0x080007c4                HAL_NVIC_SetPriorityGrouping
 .text.HAL_NVIC_SetPriority
                0x080007e8       0x20 CMakeFiles/Firmware1.elf.dir/Drivers/STM32F4xx_HAL_Driver/Src/stm32f4xx_hal_cortex.c.obj
                0x080007e8                HAL_NVIC_SetPriority
 .text.HAL_SYSTICK_Config
                0x08000808       0x28 CMakeFiles/Firmware1.elf.dir/Drivers/STM32F4xx_HAL_Driver/Src/stm32f4xx_hal_cortex.c.obj
                0x08000808                HAL_SYSTICK_Config
 .text.HAL_GPIO_Init
                0x08000830      0x1ec CMakeFiles/Firmware1.elf.dir/Drivers/STM32F4xx_HAL_Driver/Src/stm32f4xx_hal_gpio.c.obj
                0x08000830                HAL_GPIO_Init
 .text.HAL_GPIO_WritePin
                0x08000a1c        0xc CMakeFiles/Firmware1.elf.dir/Drivers/STM32F4xx_HAL_Driver/Src/stm32f4xx_hal_gpio.c.obj
                0x08000a1c                HAL_GPIO_WritePin
 .text.HAL_RCC_OscConfig
                0x08000a28      0x3f8 CMakeFiles/Firmware1.elf.dir/Drivers/STM32F4xx_HAL_Driver/Src/stm32f4xx_hal_rcc.c.obj
                0x08000a28                HAL_RCC_OscConfig
 .text.HAL_RCC_GetSysClockFreq
                0x08000e20       0xa8 CMakeFiles/Firmware1.elf.dir/Drivers/STM32F4xx_HAL_Driver/Src/stm32f4xx_hal_rcc.c.obj
                0x08000e20                HAL_RCC_GetSysClockFreq
 .text.HAL_RCC_ClockConfig
                0x08000ec8      0x160 CMakeFiles/Firmware1.elf.dir/Drivers/STM32F4xx_HAL_Driver/Src/stm32f4xx_hal_rcc.c.obj
                0x08000ec8                HAL_RCC_ClockConfig
 .text.HAL_RCC_GetHCLKFreq
                0x08001028        0xc CMakeFiles/Firmware1.elf.dir/Drivers/STM32F4xx_HAL_Driver/Src/stm32f4xx_hal_rcc.c.obj
                0x08001028                HAL_RCC_GetHCLKFreq
 .text.HAL_RCC_GetPCLK1Freq
                0x08001034       0x20 CMakeFiles/Firmware1.elf.dir/Drivers/STM32F4xx_HAL_Driver/Src/stm32f4xx_hal_rcc.c.obj
                0x08001034                HAL_RCC_GetPCLK1Freq
 .text.HAL_RCC_GetPCLK2Freq
                0x08001054       0x20 CMakeFiles/Firmware1.elf.dir/Drivers/STM32F4xx_HAL_Driver/Src/stm32f4xx_hal_rcc.c.obj
                0x08001054                HAL_RCC_GetPCLK2Freq
 .text.HAL_SPI_Init
                0x08001074       0xbe CMakeFiles/Firmware1.elf.dir/Drivers/STM32F4xx_HAL_Driver/Src/stm32f4xx_hal_spi.c.obj
                0x08001074                HAL_SPI_Init
 *fill*         0x08001132        0x2 
 .text.UART_SetConfig
                0x08001134      0x110 CMakeFiles/Firmware1.elf.dir/Drivers/STM32F4xx_HAL_Driver/Src/stm32f4xx_hal_uart.c.obj
 .text.HAL_UART_Init
                0x08001244       0x60 CMakeFiles/Firmware1.elf.dir/Drivers/STM32F4xx_HAL_Driver/Src/stm32f4xx_hal_uart.c.obj
                0x08001244                HAL_UART_Init
 .text.__udivmoddi4
                0x080012a4      0x2f8 C:/PROGRA~2/ARMGNU~1/14EFD8~1.2RE/bin/../lib/gcc/arm-none-eabi/14.2.1/thumb/v7e-m+fp/hard\libgcc.a(_udivmoddi4.o)
                0x080012a4                __udivmoddi4
 .text.memset   0x0800159c       0x10 C:/PROGRA~2/ARMGNU~1/14EFD8~1.2RE/bin/../lib/gcc/arm-none-eabi/14.2.1/thumb/v7e-m+fp/hard\libc_nano.a(libc_a-memset.o)
                0x0800159c                memset
 *(.glue_7)
 .glue_7        0x080015ac        0x0 linker stubs
 *(.glue_7t)
 .glue_7t       0x080015ac        0x0 linker stubs
 *(.eh_frame)
 *(.init)
 .init          0x080015ac        0x4 C:/PROGRA~2/ARMGNU~1/14EFD8~1.2RE/bin/../lib/gcc/arm-none-eabi/14.2.1/thumb/v7e-m+fp/hard/crti.o
                0x080015ac                _init
 .init          0x080015b0        0x8 C:/PROGRA~2/ARMGNU~1/14EFD8~1.2RE/bin/../lib/gcc/arm-none-eabi/14.2.1/thumb/v7e-m+fp/hard/crtn.o
 *(.fini)
 .fini          0x080015b8        0x4 C:/PROGRA~2/ARMGNU~1/14EFD8~1.2RE/bin/../lib/gcc/arm-none-eabi/14.2.1/thumb/v7e-m+fp/hard/crti.o
                0x080015b8                _fini
 .fini          0x080015bc        0x8 C:/PROGRA~2/ARMGNU~1/14EFD8~1.2RE/bin/../lib/gcc/arm-none-eabi/14.2.1/thumb/v7e-m+fp/hard/crtn.o
                0x080015c4                        . = ALIGN (0x4)
                0x080015c4                        _etext = .

.vfp11_veneer   0x080015c4        0x0
 .vfp11_veneer  0x080015c4        0x0 linker stubs

.v4_bx          0x080015c4        0x0
 .v4_bx         0x080015c4        0x0 linker stubs

.iplt           0x080015c4        0x0
 .iplt          0x080015c4        0x0 CMakeFiles/Firmware1.elf.dir/startup_stm32f407xx.s.obj

.rodata         0x080015c4       0x18
                0x080015c4                        . = ALIGN (0x4)
 *(.rodata)
 *(.rodata*)
 .rodata.APBPrescTable
                0x080015c4        0x8 CMakeFiles/Firmware1.elf.dir/Core/Src/system_stm32f4xx.c.obj
                0x080015c4                APBPrescTable
 .rodata.AHBPrescTable
                0x080015cc       0x10 CMakeFiles/Firmware1.elf.dir/Core/Src/system_stm32f4xx.c.obj
                0x080015cc                AHBPrescTable
                0x080015dc                        . = ALIGN (0x4)

.ARM.extab
 *(.ARM.extab* .gnu.linkonce.armextab.*)

.ARM            0x080015dc        0x8
                0x080015dc                        __exidx_start = .
 *(.ARM.exidx*)
 .ARM.exidx.text.__udivmoddi4
                0x080015dc        0x8 C:/PROGRA~2/ARMGNU~1/14EFD8~1.2RE/bin/../lib/gcc/arm-none-eabi/14.2.1/thumb/v7e-m+fp/hard\libgcc.a(_udivmoddi4.o)
                0x080015e4                        __exidx_end = .
                0x080015e4                        _sidata = LOADADDR (.data)

.rel.dyn        0x080015e4        0x0
 .rel.iplt      0x080015e4        0x0 CMakeFiles/Firmware1.elf.dir/startup_stm32f407xx.s.obj

.data           0x20000000        0xc load address 0x080015e4
                0x20000000                        . = ALIGN (0x4)
                0x20000000                        _sdata = .
 *(.data)
 *(.data*)
 .data.SystemCoreClock
                0x20000000        0x4 CMakeFiles/Firmware1.elf.dir/Core/Src/system_stm32f4xx.c.obj
                0x20000000                SystemCoreClock
 .data.uwTickFreq
                0x20000004        0x1 CMakeFiles/Firmware1.elf.dir/Drivers/STM32F4xx_HAL_Driver/Src/stm32f4xx_hal.c.obj
                0x20000004                uwTickFreq
 *fill*         0x20000005        0x3 
 .data.uwTickPrio
                0x20000008        0x4 CMakeFiles/Firmware1.elf.dir/Drivers/STM32F4xx_HAL_Driver/Src/stm32f4xx_hal.c.obj
                0x20000008                uwTickPrio
                0x2000000c                        . = ALIGN (0x4)
                0x2000000c                        _edata = .

.igot.plt       0x2000000c        0x0 load address 0x080015f0
 .igot.plt      0x2000000c        0x0 CMakeFiles/Firmware1.elf.dir/startup_stm32f407xx.s.obj

.bss            0x2000000c       0xec load address 0x080015f0
                0x2000000c                        . = ALIGN (0x4)
                0x2000000c                        _sbss = .
                0x2000000c                        __bss_start__ = _sbss
 *(.bss)
 *(.bss*)
 .bss.huart2    0x2000000c       0x48 CMakeFiles/Firmware1.elf.dir/Core/Src/main.c.obj
                0x2000000c                huart2
 .bss.huart1    0x20000054       0x48 CMakeFiles/Firmware1.elf.dir/Core/Src/main.c.obj
                0x20000054                huart1
 .bss.hspi1     0x2000009c       0x58 CMakeFiles/Firmware1.elf.dir/Core/Src/main.c.obj
                0x2000009c                hspi1
 .bss.uwTick    0x200000f4        0x4 CMakeFiles/Firmware1.elf.dir/Drivers/STM32F4xx_HAL_Driver/Src/stm32f4xx_hal.c.obj
                0x200000f4                uwTick
 *(COMMON)
                0x200000f8                        . = ALIGN (0x4)
                0x200000f8                        _ebss = .
                0x200000f8                        __bss_end__ = _ebss

._user_heap_stack
                0x200000f8      0x600 load address 0x080015f0
                0x200000f8                        . = ALIGN (0x8)
                0x200000f8                        PROVIDE (end = .)
                [!provide]                        PROVIDE (_end = .)
                0x200002f8                        . = (. + _Min_Heap_Size)
 *fill*         0x200000f8      0x200 
                0x200006f8                        . = (. + _Min_Stack_Size)
 *fill*         0x200002f8      0x400 
                0x200006f8                        . = ALIGN (0x8)

/DISCARD/
 libc.a(*)
 libm.a(*)
 libgcc.a(*)

.ARM.attributes
                0x00000000       0x30
 *(.ARM.attributes)
 .ARM.attributes
                0x00000000       0x22 C:/PROGRA~2/ARMGNU~1/14EFD8~1.2RE/bin/../lib/gcc/arm-none-eabi/14.2.1/thumb/v7e-m+fp/hard/crti.o
 .ARM.attributes
                0x00000022       0x25 CMakeFiles/Firmware1.elf.dir/startup_stm32f407xx.s.obj
 .ARM.attributes
                0x00000047       0x34 CMakeFiles/Firmware1.elf.dir/Core/Src/main.c.obj
 .ARM.attributes
                0x0000007b       0x34 CMakeFiles/Firmware1.elf.dir/Core/Src/stm32f4xx_hal_msp.c.obj
 .ARM.attributes
                0x000000af       0x34 CMakeFiles/Firmware1.elf.dir/Core/Src/stm32f4xx_it.c.obj
 .ARM.attributes
                0x000000e3       0x34 CMakeFiles/Firmware1.elf.dir/Core/Src/system_stm32f4xx.c.obj
 .ARM.attributes
                0x00000117       0x34 CMakeFiles/Firmware1.elf.dir/Drivers/STM32F4xx_HAL_Driver/Src/stm32f4xx_hal.c.obj
 .ARM.attributes
                0x0000014b       0x34 CMakeFiles/Firmware1.elf.dir/Drivers/STM32F4xx_HAL_Driver/Src/stm32f4xx_hal_cortex.c.obj
 .ARM.attributes
                0x0000017f       0x34 CMakeFiles/Firmware1.elf.dir/Drivers/STM32F4xx_HAL_Driver/Src/stm32f4xx_hal_gpio.c.obj
 .ARM.attributes
                0x000001b3       0x34 CMakeFiles/Firmware1.elf.dir/Drivers/STM32F4xx_HAL_Driver/Src/stm32f4xx_hal_rcc.c.obj
 .ARM.attributes
                0x000001e7       0x34 CMakeFiles/Firmware1.elf.dir/Drivers/STM32F4xx_HAL_Driver/Src/stm32f4xx_hal_spi.c.obj
 .ARM.attributes
                0x0000021b       0x34 CMakeFiles/Firmware1.elf.dir/Drivers/STM32F4xx_HAL_Driver/Src/stm32f4xx_hal_uart.c.obj
 .ARM.attributes
                0x0000024f       0x22 C:/PROGRA~2/ARMGNU~1/14EFD8~1.2RE/bin/../lib/gcc/arm-none-eabi/14.2.1/thumb/v7e-m+fp/hard\libgcc.a(_aeabi_uldivmod.o)
 .ARM.attributes
                0x00000271       0x34 C:/PROGRA~2/ARMGNU~1/14EFD8~1.2RE/bin/../lib/gcc/arm-none-eabi/14.2.1/thumb/v7e-m+fp/hard\libgcc.a(_udivmoddi4.o)
 .ARM.attributes
                0x000002a5       0x22 C:/PROGRA~2/ARMGNU~1/14EFD8~1.2RE/bin/../lib/gcc/arm-none-eabi/14.2.1/thumb/v7e-m+fp/hard\libgcc.a(_dvmd_tls.o)
 .ARM.attributes
                0x000002c7       0x34 C:/PROGRA~2/ARMGNU~1/14EFD8~1.2RE/bin/../lib/gcc/arm-none-eabi/14.2.1/thumb/v7e-m+fp/hard\libc_nano.a(libc_a-memset.o)
 .ARM.attributes
                0x000002fb       0x22 C:/PROGRA~2/ARMGNU~1/14EFD8~1.2RE/bin/../lib/gcc/arm-none-eabi/14.2.1/thumb/v7e-m+fp/hard/crtn.o
OUTPUT(Firmware1.elf elf32-littlearm)
LOAD linker stubs
LOAD C:/PROGRA~2/ARMGNU~1/14EFD8~1.2RE/bin/../lib/gcc/arm-none-eabi/14.2.1/thumb/v7e-m+fp/hard\libc.a
LOAD C:/PROGRA~2/ARMGNU~1/14EFD8~1.2RE/bin/../lib/gcc/arm-none-eabi/14.2.1/thumb/v7e-m+fp/hard\libm.a
LOAD C:/PROGRA~2/ARMGNU~1/14EFD8~1.2RE/bin/../lib/gcc/arm-none-eabi/14.2.1/thumb/v7e-m+fp/hard\libgcc.a

.debug_info     0x00000000     0xacb8
 .debug_info    0x00000000     0x10f4 CMakeFiles/Firmware1.elf.dir/Core/Src/main.c.obj
 .debug_info    0x000010f4      0xd21 CMakeFiles/Firmware1.elf.dir/Core/Src/stm32f4xx_hal_msp.c.obj
 .debug_info    0x00001e15      0x120 CMakeFiles/Firmware1.elf.dir/Core/Src/stm32f4xx_it.c.obj
 .debug_info    0x00001f35      0x52b CMakeFiles/Firmware1.elf.dir/Core/Src/system_stm32f4xx.c.obj
 .debug_info    0x00002460      0x9e6 CMakeFiles/Firmware1.elf.dir/Drivers/STM32F4xx_HAL_Driver/Src/stm32f4xx_hal.c.obj
 .debug_info    0x00002e46      0xff9 CMakeFiles/Firmware1.elf.dir/Drivers/STM32F4xx_HAL_Driver/Src/stm32f4xx_hal_cortex.c.obj
 .debug_info    0x00003e3f      0x708 CMakeFiles/Firmware1.elf.dir/Drivers/STM32F4xx_HAL_Driver/Src/stm32f4xx_hal_gpio.c.obj
 .debug_info    0x00004547      0xa85 CMakeFiles/Firmware1.elf.dir/Drivers/STM32F4xx_HAL_Driver/Src/stm32f4xx_hal_rcc.c.obj
 .debug_info    0x00004fcc     0x1cd0 CMakeFiles/Firmware1.elf.dir/Drivers/STM32F4xx_HAL_Driver/Src/stm32f4xx_hal_spi.c.obj
 .debug_info    0x00006c9c     0x401c CMakeFiles/Firmware1.elf.dir/Drivers/STM32F4xx_HAL_Driver/Src/stm32f4xx_hal_uart.c.obj

.debug_abbrev   0x00000000     0x163d
 .debug_abbrev  0x00000000      0x293 CMakeFiles/Firmware1.elf.dir/Core/Src/main.c.obj
 .debug_abbrev  0x00000293      0x1ce CMakeFiles/Firmware1.elf.dir/Core/Src/stm32f4xx_hal_msp.c.obj
 .debug_abbrev  0x00000461       0x7e CMakeFiles/Firmware1.elf.dir/Core/Src/stm32f4xx_it.c.obj
 .debug_abbrev  0x000004df      0x120 CMakeFiles/Firmware1.elf.dir/Core/Src/system_stm32f4xx.c.obj
 .debug_abbrev  0x000005ff      0x242 CMakeFiles/Firmware1.elf.dir/Drivers/STM32F4xx_HAL_Driver/Src/stm32f4xx_hal.c.obj
 .debug_abbrev  0x00000841      0x393 CMakeFiles/Firmware1.elf.dir/Drivers/STM32F4xx_HAL_Driver/Src/stm32f4xx_hal_cortex.c.obj
 .debug_abbrev  0x00000bd4      0x204 CMakeFiles/Firmware1.elf.dir/Drivers/STM32F4xx_HAL_Driver/Src/stm32f4xx_hal_gpio.c.obj
 .debug_abbrev  0x00000dd8      0x2c9 CMakeFiles/Firmware1.elf.dir/Drivers/STM32F4xx_HAL_Driver/Src/stm32f4xx_hal_rcc.c.obj
 .debug_abbrev  0x000010a1      0x274 CMakeFiles/Firmware1.elf.dir/Drivers/STM32F4xx_HAL_Driver/Src/stm32f4xx_hal_spi.c.obj
 .debug_abbrev  0x00001315      0x328 CMakeFiles/Firmware1.elf.dir/Drivers/STM32F4xx_HAL_Driver/Src/stm32f4xx_hal_uart.c.obj

.debug_aranges  0x00000000      0x7b8
 .debug_aranges
                0x00000000       0x50 CMakeFiles/Firmware1.elf.dir/Core/Src/main.c.obj
 .debug_aranges
                0x00000050       0x40 CMakeFiles/Firmware1.elf.dir/Core/Src/stm32f4xx_hal_msp.c.obj
 .debug_aranges
                0x00000090       0x60 CMakeFiles/Firmware1.elf.dir/Core/Src/stm32f4xx_it.c.obj
 .debug_aranges
                0x000000f0       0x28 CMakeFiles/Firmware1.elf.dir/Core/Src/system_stm32f4xx.c.obj
 .debug_aranges
                0x00000118       0xf0 CMakeFiles/Firmware1.elf.dir/Drivers/STM32F4xx_HAL_Driver/Src/stm32f4xx_hal.c.obj
 .debug_aranges
                0x00000208       0xf8 CMakeFiles/Firmware1.elf.dir/Drivers/STM32F4xx_HAL_Driver/Src/stm32f4xx_hal_cortex.c.obj
 .debug_aranges
                0x00000300       0x58 CMakeFiles/Firmware1.elf.dir/Drivers/STM32F4xx_HAL_Driver/Src/stm32f4xx_hal_gpio.c.obj
 .debug_aranges
                0x00000358       0x88 CMakeFiles/Firmware1.elf.dir/Drivers/STM32F4xx_HAL_Driver/Src/stm32f4xx_hal_rcc.c.obj
 .debug_aranges
                0x000003e0      0x1d0 CMakeFiles/Firmware1.elf.dir/Drivers/STM32F4xx_HAL_Driver/Src/stm32f4xx_hal_spi.c.obj
 .debug_aranges
                0x000005b0      0x208 CMakeFiles/Firmware1.elf.dir/Drivers/STM32F4xx_HAL_Driver/Src/stm32f4xx_hal_uart.c.obj

.debug_rnglists
                0x00000000      0x5da
 .debug_rnglists
                0x00000000       0x39 CMakeFiles/Firmware1.elf.dir/Core/Src/main.c.obj
 .debug_rnglists
                0x00000039       0x2d CMakeFiles/Firmware1.elf.dir/Core/Src/stm32f4xx_hal_msp.c.obj
 .debug_rnglists
                0x00000066       0x43 CMakeFiles/Firmware1.elf.dir/Core/Src/stm32f4xx_it.c.obj
 .debug_rnglists
                0x000000a9       0x1a CMakeFiles/Firmware1.elf.dir/Core/Src/system_stm32f4xx.c.obj
 .debug_rnglists
                0x000000c3       0xaf CMakeFiles/Firmware1.elf.dir/Drivers/STM32F4xx_HAL_Driver/Src/stm32f4xx_hal.c.obj
 .debug_rnglists
                0x00000172       0xb5 CMakeFiles/Firmware1.elf.dir/Drivers/STM32F4xx_HAL_Driver/Src/stm32f4xx_hal_cortex.c.obj
 .debug_rnglists
                0x00000227       0x3f CMakeFiles/Firmware1.elf.dir/Drivers/STM32F4xx_HAL_Driver/Src/stm32f4xx_hal_gpio.c.obj
 .debug_rnglists
                0x00000266       0x75 CMakeFiles/Firmware1.elf.dir/Drivers/STM32F4xx_HAL_Driver/Src/stm32f4xx_hal_rcc.c.obj
 .debug_rnglists
                0x000002db      0x16a CMakeFiles/Firmware1.elf.dir/Drivers/STM32F4xx_HAL_Driver/Src/stm32f4xx_hal_spi.c.obj
 .debug_rnglists
                0x00000445      0x195 CMakeFiles/Firmware1.elf.dir/Drivers/STM32F4xx_HAL_Driver/Src/stm32f4xx_hal_uart.c.obj

.debug_macro    0x00000000    0x1f781
 .debug_macro   0x00000000      0x1d3 CMakeFiles/Firmware1.elf.dir/Core/Src/main.c.obj
 .debug_macro   0x000001d3      0xad2 CMakeFiles/Firmware1.elf.dir/Core/Src/main.c.obj
 .debug_macro   0x00000ca5      0x29b CMakeFiles/Firmware1.elf.dir/Core/Src/main.c.obj
 .debug_macro   0x00000f40       0x2e CMakeFiles/Firmware1.elf.dir/Core/Src/main.c.obj
 .debug_macro   0x00000f6e       0x2f CMakeFiles/Firmware1.elf.dir/Core/Src/main.c.obj
 .debug_macro   0x00000f9d       0x22 CMakeFiles/Firmware1.elf.dir/Core/Src/main.c.obj
 .debug_macro   0x00000fbf       0x8e CMakeFiles/Firmware1.elf.dir/Core/Src/main.c.obj
 .debug_macro   0x0000104d       0x51 CMakeFiles/Firmware1.elf.dir/Core/Src/main.c.obj
 .debug_macro   0x0000109e      0x103 CMakeFiles/Firmware1.elf.dir/Core/Src/main.c.obj
 .debug_macro   0x000011a1       0x6a CMakeFiles/Firmware1.elf.dir/Core/Src/main.c.obj
 .debug_macro   0x0000120b      0x1df CMakeFiles/Firmware1.elf.dir/Core/Src/main.c.obj
 .debug_macro   0x000013ea       0x1c CMakeFiles/Firmware1.elf.dir/Core/Src/main.c.obj
 .debug_macro   0x00001406       0x22 CMakeFiles/Firmware1.elf.dir/Core/Src/main.c.obj
 .debug_macro   0x00001428       0xfb CMakeFiles/Firmware1.elf.dir/Core/Src/main.c.obj
 .debug_macro   0x00001523     0x1011 CMakeFiles/Firmware1.elf.dir/Core/Src/main.c.obj
 .debug_macro   0x00002534      0x11f CMakeFiles/Firmware1.elf.dir/Core/Src/main.c.obj
 .debug_macro   0x00002653    0x15ea5 CMakeFiles/Firmware1.elf.dir/Core/Src/main.c.obj
 .debug_macro   0x000184f8       0x6d CMakeFiles/Firmware1.elf.dir/Core/Src/main.c.obj
 .debug_macro   0x00018565     0x3693 CMakeFiles/Firmware1.elf.dir/Core/Src/main.c.obj
 .debug_macro   0x0001bbf8      0x190 CMakeFiles/Firmware1.elf.dir/Core/Src/main.c.obj
 .debug_macro   0x0001bd88       0x5c CMakeFiles/Firmware1.elf.dir/Core/Src/main.c.obj
 .debug_macro   0x0001bde4      0x980 CMakeFiles/Firmware1.elf.dir/Core/Src/main.c.obj
 .debug_macro   0x0001c764      0x9e9 CMakeFiles/Firmware1.elf.dir/Core/Src/main.c.obj
 .debug_macro   0x0001d14d      0x115 CMakeFiles/Firmware1.elf.dir/Core/Src/main.c.obj
 .debug_macro   0x0001d262      0x13e CMakeFiles/Firmware1.elf.dir/Core/Src/main.c.obj
 .debug_macro   0x0001d3a0       0xa5 CMakeFiles/Firmware1.elf.dir/Core/Src/main.c.obj
 .debug_macro   0x0001d445      0x174 CMakeFiles/Firmware1.elf.dir/Core/Src/main.c.obj
 .debug_macro   0x0001d5b9      0x287 CMakeFiles/Firmware1.elf.dir/Core/Src/main.c.obj
 .debug_macro   0x0001d840       0x5f CMakeFiles/Firmware1.elf.dir/Core/Src/main.c.obj
 .debug_macro   0x0001d89f      0x236 CMakeFiles/Firmware1.elf.dir/Core/Src/main.c.obj
 .debug_macro   0x0001dad5      0x12c CMakeFiles/Firmware1.elf.dir/Core/Src/main.c.obj
 .debug_macro   0x0001dc01      0x21e CMakeFiles/Firmware1.elf.dir/Core/Src/main.c.obj
 .debug_macro   0x0001de1f       0x2e CMakeFiles/Firmware1.elf.dir/Core/Src/main.c.obj
 .debug_macro   0x0001de4d      0x127 CMakeFiles/Firmware1.elf.dir/Core/Src/main.c.obj
 .debug_macro   0x0001df74       0x7e CMakeFiles/Firmware1.elf.dir/Core/Src/main.c.obj
 .debug_macro   0x0001dff2       0x89 CMakeFiles/Firmware1.elf.dir/Core/Src/main.c.obj
 .debug_macro   0x0001e07b      0x225 CMakeFiles/Firmware1.elf.dir/Core/Src/main.c.obj
 .debug_macro   0x0001e2a0      0x2aa CMakeFiles/Firmware1.elf.dir/Core/Src/main.c.obj
 .debug_macro   0x0001e54a      0x12d CMakeFiles/Firmware1.elf.dir/Core/Src/main.c.obj
 .debug_macro   0x0001e677       0x64 CMakeFiles/Firmware1.elf.dir/Core/Src/main.c.obj
 .debug_macro   0x0001e6db      0x1d3 CMakeFiles/Firmware1.elf.dir/Core/Src/stm32f4xx_hal_msp.c.obj
 .debug_macro   0x0001e8ae      0x1dd CMakeFiles/Firmware1.elf.dir/Core/Src/stm32f4xx_it.c.obj
 .debug_macro   0x0001ea8b      0x1c4 CMakeFiles/Firmware1.elf.dir/Core/Src/system_stm32f4xx.c.obj
 .debug_macro   0x0001ec4f      0x224 CMakeFiles/Firmware1.elf.dir/Drivers/STM32F4xx_HAL_Driver/Src/stm32f4xx_hal.c.obj
 .debug_macro   0x0001ee73      0x1c4 CMakeFiles/Firmware1.elf.dir/Drivers/STM32F4xx_HAL_Driver/Src/stm32f4xx_hal_cortex.c.obj
 .debug_macro   0x0001f037      0x1ca CMakeFiles/Firmware1.elf.dir/Drivers/STM32F4xx_HAL_Driver/Src/stm32f4xx_hal_gpio.c.obj
 .debug_macro   0x0001f201      0x1e8 CMakeFiles/Firmware1.elf.dir/Drivers/STM32F4xx_HAL_Driver/Src/stm32f4xx_hal_rcc.c.obj
 .debug_macro   0x0001f3e9      0x1d3 CMakeFiles/Firmware1.elf.dir/Drivers/STM32F4xx_HAL_Driver/Src/stm32f4xx_hal_spi.c.obj
 .debug_macro   0x0001f5bc      0x1c5 CMakeFiles/Firmware1.elf.dir/Drivers/STM32F4xx_HAL_Driver/Src/stm32f4xx_hal_uart.c.obj

.debug_line     0x00000000     0xa910
 .debug_line    0x00000000      0x89b CMakeFiles/Firmware1.elf.dir/Core/Src/main.c.obj
 .debug_line    0x0000089b      0x6f8 CMakeFiles/Firmware1.elf.dir/Core/Src/stm32f4xx_hal_msp.c.obj
 .debug_line    0x00000f93      0x609 CMakeFiles/Firmware1.elf.dir/Core/Src/stm32f4xx_it.c.obj
 .debug_line    0x0000159c      0x601 CMakeFiles/Firmware1.elf.dir/Core/Src/system_stm32f4xx.c.obj
 .debug_line    0x00001b9d      0x8a7 CMakeFiles/Firmware1.elf.dir/Drivers/STM32F4xx_HAL_Driver/Src/stm32f4xx_hal.c.obj
 .debug_line    0x00002444      0xbaa CMakeFiles/Firmware1.elf.dir/Drivers/STM32F4xx_HAL_Driver/Src/stm32f4xx_hal_cortex.c.obj
 .debug_line    0x00002fee      0xa84 CMakeFiles/Firmware1.elf.dir/Drivers/STM32F4xx_HAL_Driver/Src/stm32f4xx_hal_gpio.c.obj
 .debug_line    0x00003a72      0xefe CMakeFiles/Firmware1.elf.dir/Drivers/STM32F4xx_HAL_Driver/Src/stm32f4xx_hal_rcc.c.obj
 .debug_line    0x00004970     0x277d CMakeFiles/Firmware1.elf.dir/Drivers/STM32F4xx_HAL_Driver/Src/stm32f4xx_hal_spi.c.obj
 .debug_line    0x000070ed     0x3823 CMakeFiles/Firmware1.elf.dir/Drivers/STM32F4xx_HAL_Driver/Src/stm32f4xx_hal_uart.c.obj

.debug_str      0x00000000    0xc0b5e
 .debug_str     0x00000000    0xc0b5e CMakeFiles/Firmware1.elf.dir/Core/Src/main.c.obj
                              0xbedca (size before relaxing)
 .debug_str     0x000c0b5e    0xbebca CMakeFiles/Firmware1.elf.dir/Core/Src/stm32f4xx_hal_msp.c.obj
 .debug_str     0x000c0b5e    0xbe480 CMakeFiles/Firmware1.elf.dir/Core/Src/stm32f4xx_it.c.obj
 .debug_str     0x000c0b5e    0xbe41d CMakeFiles/Firmware1.elf.dir/Core/Src/system_stm32f4xx.c.obj
 .debug_str     0x000c0b5e    0xbefa1 CMakeFiles/Firmware1.elf.dir/Drivers/STM32F4xx_HAL_Driver/Src/stm32f4xx_hal.c.obj
 .debug_str     0x000c0b5e    0xbed1d CMakeFiles/Firmware1.elf.dir/Drivers/STM32F4xx_HAL_Driver/Src/stm32f4xx_hal_cortex.c.obj
 .debug_str     0x000c0b5e    0xbe598 CMakeFiles/Firmware1.elf.dir/Drivers/STM32F4xx_HAL_Driver/Src/stm32f4xx_hal_gpio.c.obj
 .debug_str     0x000c0b5e    0xbe862 CMakeFiles/Firmware1.elf.dir/Drivers/STM32F4xx_HAL_Driver/Src/stm32f4xx_hal_rcc.c.obj
 .debug_str     0x000c0b5e    0xbecdb CMakeFiles/Firmware1.elf.dir/Drivers/STM32F4xx_HAL_Driver/Src/stm32f4xx_hal_spi.c.obj
 .debug_str     0x000c0b5e    0xbee43 CMakeFiles/Firmware1.elf.dir/Drivers/STM32F4xx_HAL_Driver/Src/stm32f4xx_hal_uart.c.obj

.comment        0x00000000       0x45
 .comment       0x00000000       0x45 CMakeFiles/Firmware1.elf.dir/Core/Src/main.c.obj
                                 0x46 (size before relaxing)
 .comment       0x00000045       0x46 CMakeFiles/Firmware1.elf.dir/Core/Src/stm32f4xx_hal_msp.c.obj
 .comment       0x00000045       0x46 CMakeFiles/Firmware1.elf.dir/Core/Src/stm32f4xx_it.c.obj
 .comment       0x00000045       0x46 CMakeFiles/Firmware1.elf.dir/Core/Src/system_stm32f4xx.c.obj
 .comment       0x00000045       0x46 CMakeFiles/Firmware1.elf.dir/Drivers/STM32F4xx_HAL_Driver/Src/stm32f4xx_hal.c.obj
 .comment       0x00000045       0x46 CMakeFiles/Firmware1.elf.dir/Drivers/STM32F4xx_HAL_Driver/Src/stm32f4xx_hal_cortex.c.obj
 .comment       0x00000045       0x46 CMakeFiles/Firmware1.elf.dir/Drivers/STM32F4xx_HAL_Driver/Src/stm32f4xx_hal_gpio.c.obj
 .comment       0x00000045       0x46 CMakeFiles/Firmware1.elf.dir/Drivers/STM32F4xx_HAL_Driver/Src/stm32f4xx_hal_rcc.c.obj
 .comment       0x00000045       0x46 CMakeFiles/Firmware1.elf.dir/Drivers/STM32F4xx_HAL_Driver/Src/stm32f4xx_hal_spi.c.obj
 .comment       0x00000045       0x46 CMakeFiles/Firmware1.elf.dir/Drivers/STM32F4xx_HAL_Driver/Src/stm32f4xx_hal_uart.c.obj

.debug_frame    0x00000000     0x14a0
 .debug_frame   0x00000000       0xd0 CMakeFiles/Firmware1.elf.dir/Core/Src/main.c.obj
 .debug_frame   0x000000d0       0xa0 CMakeFiles/Firmware1.elf.dir/Core/Src/stm32f4xx_hal_msp.c.obj
 .debug_frame   0x00000170       0xa8 CMakeFiles/Firmware1.elf.dir/Core/Src/stm32f4xx_it.c.obj
 .debug_frame   0x00000218       0x30 CMakeFiles/Firmware1.elf.dir/Core/Src/system_stm32f4xx.c.obj
 .debug_frame   0x00000248      0x1ec CMakeFiles/Firmware1.elf.dir/Drivers/STM32F4xx_HAL_Driver/Src/stm32f4xx_hal.c.obj
 .debug_frame   0x00000434      0x214 CMakeFiles/Firmware1.elf.dir/Drivers/STM32F4xx_HAL_Driver/Src/stm32f4xx_hal_cortex.c.obj
 .debug_frame   0x00000648       0xd8 CMakeFiles/Firmware1.elf.dir/Drivers/STM32F4xx_HAL_Driver/Src/stm32f4xx_hal_gpio.c.obj
 .debug_frame   0x00000720      0x16c CMakeFiles/Firmware1.elf.dir/Drivers/STM32F4xx_HAL_Driver/Src/stm32f4xx_hal_rcc.c.obj
 .debug_frame   0x0000088c      0x5b4 CMakeFiles/Firmware1.elf.dir/Drivers/STM32F4xx_HAL_Driver/Src/stm32f4xx_hal_spi.c.obj
 .debug_frame   0x00000e40      0x5e0 CMakeFiles/Firmware1.elf.dir/Drivers/STM32F4xx_HAL_Driver/Src/stm32f4xx_hal_uart.c.obj
 .debug_frame   0x00001420       0x2c C:/PROGRA~2/ARMGNU~1/14EFD8~1.2RE/bin/../lib/gcc/arm-none-eabi/14.2.1/thumb/v7e-m+fp/hard\libgcc.a(_aeabi_uldivmod.o)
 .debug_frame   0x0000144c       0x34 C:/PROGRA~2/ARMGNU~1/14EFD8~1.2RE/bin/../lib/gcc/arm-none-eabi/14.2.1/thumb/v7e-m+fp/hard\libgcc.a(_udivmoddi4.o)
 .debug_frame   0x00001480       0x20 C:/PROGRA~2/ARMGNU~1/14EFD8~1.2RE/bin/../lib/gcc/arm-none-eabi/14.2.1/thumb/v7e-m+fp/hard\libc_nano.a(libc_a-memset.o)

.debug_loclists
                0x00000000     0x50a0
 .debug_loclists
                0x00000000      0x10e CMakeFiles/Firmware1.elf.dir/Core/Src/stm32f4xx_hal_msp.c.obj
 .debug_loclists
                0x0000010e       0x70 CMakeFiles/Firmware1.elf.dir/Core/Src/system_stm32f4xx.c.obj
 .debug_loclists
                0x0000017e       0xe1 CMakeFiles/Firmware1.elf.dir/Drivers/STM32F4xx_HAL_Driver/Src/stm32f4xx_hal.c.obj
 .debug_loclists
                0x0000025f      0x54d CMakeFiles/Firmware1.elf.dir/Drivers/STM32F4xx_HAL_Driver/Src/stm32f4xx_hal_cortex.c.obj
 .debug_loclists
                0x000007ac      0x386 CMakeFiles/Firmware1.elf.dir/Drivers/STM32F4xx_HAL_Driver/Src/stm32f4xx_hal_gpio.c.obj
 .debug_loclists
                0x00000b32      0x3db CMakeFiles/Firmware1.elf.dir/Drivers/STM32F4xx_HAL_Driver/Src/stm32f4xx_hal_rcc.c.obj
 .debug_loclists
                0x00000f0d     0x14b9 CMakeFiles/Firmware1.elf.dir/Drivers/STM32F4xx_HAL_Driver/Src/stm32f4xx_hal_spi.c.obj
 .debug_loclists
                0x000023c6     0x2cda CMakeFiles/Firmware1.elf.dir/Drivers/STM32F4xx_HAL_Driver/Src/stm32f4xx_hal_uart.c.obj

.debug_line_str
                0x00000000       0xd5
 .debug_line_str
                0x00000000       0xd5 C:/PROGRA~2/ARMGNU~1/14EFD8~1.2RE/bin/../lib/gcc/arm-none-eabi/14.2.1/thumb/v7e-m+fp/hard\libgcc.a(_aeabi_uldivmod.o)
                                 0xc9 (size before relaxing)
 .debug_line_str
                0x000000d5       0xcd C:/PROGRA~2/ARMGNU~1/14EFD8~1.2RE/bin/../lib/gcc/arm-none-eabi/14.2.1/thumb/v7e-m+fp/hard\libgcc.a(_dvmd_tls.o)
